******************************************************************************
                  TI ARM Linker PC v16.9.1                     
******************************************************************************
>> Linked Wed Jul 18 17:25:14 2018

OUTPUT FILE NAME:   <airu-firmware-1.0.6.out>
ENTRY POINT SYMBOL: "_c_int00"  address: 20016b75


MEMORY CONFIGURATION

         name            origin    length      used     unused   attr    fill
----------------------  --------  ---------  --------  --------  ----  --------
  SRAM_CODE             20004000   00015000  000147f6  0000080a  RW X
  SRAM_DATA             20019000   00017000  0000c32a  0000acd6  RW X


SEGMENT ALLOCATION MAP

run origin  load origin   length   init length attrs members
----------  ----------- ---------- ----------- ----- -------
20004000    20004000    00014800   00014800    r-x
  20004000    20004000    00000400   00000400    r-- .intvecs
  20004400    20004400    00013772   00013772    r-x .text
  20017b78    20017b78    00000bdc   00000bdc    r-- .const
  20018758    20018758    000000a8   000000a8    r-- .cinit
20019000    20019000    0000a32a   00000000    rw-
  20019000    20019000    00008000   00000000    rw- .sysmem
  20021000    20021000    00001fa4   00000000    rw- .data
  20022fa4    20022fa4    00000386   00000000    rw- .bss
2002e000    2002e000    00002000   00000000    rw-
  2002e000    2002e000    00002000   00000000    rw- .stack


SECTION ALLOCATION MAP

 output                                  attributes/
section   page    origin      length       input sections
--------  ----  ----------  ----------   ----------------
.intvecs   0    20004000    00000400     
                  20004000    00000400     startup_ccs.obj (.intvecs)

.init_array 
*          0    20004000    00000000     UNINITIALIZED

.text      0    20004400    00013772     
                  20004400    0000239c     main.obj (.text)
                  2000679c    00001c78     internet_if.obj (.text)
                  20008414    000013fc     ff.obj (.text)
                  20009810    0000125c     free_rtos.a : tasks.obj (.text)
                  2000aa6c    00001102     rtsv7M4_T_le_eabi.lib : _printfi.obj (.text)
                  2000bb6e    00000002     driverlib.a : interrupt.obj (.text:IntDefaultHandler)
                  2000bb70    00000fc4     webclient.a : httpcli.obj (.text)
                  2000cb34    00000b24     free_rtos.a : queue.obj (.text)
                  2000d658    00000a9c     MQTTClient.obj (.text)
                  2000e0f4    00000590     simplelink.a : driver.obj (.text:_SlDrvMsgRead)
                  2000e684    000004b8     gps_if.obj (.text)
                  2000eb3c    0000045c     free_rtos.a : osi_freertos.obj (.text)
                  2000ef98    000003ec     device_time_if.obj (.text)
                  2000f384    000002ea     webclient.a : ssock.obj (.text)
                  2000f66e    00000002     rtsv7M4_T_le_eabi.lib : _lock.obj (.text)
                  2000f670    000002c0                           : memory.obj (.text)
                  2000f930    00000278     MQTTCC3200.obj (.text)
                  2000fba8    00000258     i2c_if.obj (.text)
                  2000fe00    0000024c     simplelink.a : driver.obj (.text:_SlDrvRxHdrRead)
                  2001004c    00000238     rtsv7M4_T_le_eabi.lib : strtod.obj (.text)
                  20010284    000001f4                           : ull_div_t2.obj (.text)
                  20010478    000001f0     gpio_if.obj (.text)
                  20010668    000001e0     simplelink.a : driver.obj (.text:_SlDrvDataReadOp)
                  20010848    000001e0     simplelink_if.obj (.text)
                  20010a28    000001dc     MQTTPacket.obj (.text)
                  20010c04    000001d0     simplelink.a : driver.obj (.text:_SlDrvReleasePoolObj)
                  20010dd4    000001c4     diskio.obj (.text)
                  20010f98    000001b6     rtsv7M4_T_le_eabi.lib : fd_add_t2.obj (.text)
                  2001114e    00000002                           : mpu_init.obj (.text)
                  20011150    000001b0     simplelink.a : netapp.obj (.text:sl_NetAppPingStart)
                  20011300    0000019c                  : driver.obj (.text:_SlDrvMsgWrite)
                  2001149c    00000190                  : driver.obj (.text:_SlDrvDriverCBInit)
                  2001162c    00000190                  : driver.obj (.text:_SlDrvWaitForPoolObj)
                  200117bc    0000018c                  : socket.obj (.text:sl_Connect)
                  20011948    00000188     sd_if.obj (.text)
                  20011ad0    00000178     driverlib.a : prcm.obj (.text:PRCMCC3200MCUInit)
                  20011c48    00000178     simplelink.a : socket.obj (.text:sl_Select)
                  20011dc0    00000170                  : driver.obj (.text:_SlFindAndSetActiveObj)
                  20011f30    00000150                  : cc_pal.obj (.text:spi_Open)
                  20012080    0000014c                  : driver.obj (.text:_SlDrvDataWriteOp)
                  200121cc    00000144                  : netapp.obj (.text:sl_NetAppDnsGetHostByName)
                  20012310    00000144                  : socket.obj (.text:sl_SendTo)
                  20012454    0000013c                  : driver.obj (.text:_SlDrvMsgReadCmdCtx)
                  20012590    0000013c                  : socket.obj (.text:sl_RecvFrom)
                  200126cc    00000136     rtsv7M4_T_le_eabi.lib : fd_div_t2.obj (.text)
                  20012802    00000002                           : startup.obj (.text)
                  20012804    00000134     simplelink.a : socket.obj (.text:sl_Send)
                  20012938    0000012a     free_rtos.a : list.obj (.text)
                  20012a62    00000002     --HOLE-- [fill = 0]
                  20012a64    00000124     simplelink.a : driver.obj (.text:_SlDrvDriverCBDeinit)
                  20012b88    00000120                  : fs.obj (.text:sl_FsRead)
                  20012ca8    00000118     MQTTSerializePublish.obj (.text)
                  20012dc0    00000118     simplelink.a : fs.obj (.text:sl_FsWrite)
                  20012ed8    00000118                  : wlan.obj (.text:sl_WlanProfileGet)
                  20012ff0    00000114     rtsv7M4_T_le_eabi.lib : strtoul.obj (.text)
                  20013104    00000110     free_rtos.a : port.obj (.text)
                  20013214    00000104     simplelink.a : netapp.obj (.text:_SlDrvNetAppEventHandler)
                  20013318    000000fc     rtsv7M4_T_le_eabi.lib : fd_mul_t2.obj (.text)
                  20013414    000000f0     simplelink.a : device.obj (.text:sl_Stop)
                  20013504    000000f0     driverlib.a : udma.obj (.text:uDMAChannelTransferSet)
                  200135f4    000000ec     server_if.obj (.text)
                  200136e0    000000ec     simplelink.a : device.obj (.text:sl_Start)
                  200137cc    000000e8                  : driver.obj (.text:_SlAsyncEventGenericHandler)
                  200138b4    000000e8                  : driver.obj (.text:_SlDrvMsgReadSpawnCtx)
                  2001399c    000000dc                  : driver.obj (.text:_SlDrvClassifyRxMsg)
                  20013a78    000000dc                  : cc_pal.obj (.text:spi_Read)
                  20013b54    000000dc     timer_if.obj (.text)
                  20013c30    000000d8     simplelink.a : netcfg.obj (.text:sl_NetCfgGet)
                  20013d08    000000d2     rtsv7M4_T_le_eabi.lib : qsort.obj (.text)
                  20013dda    00000002     --HOLE-- [fill = 0]
                  20013ddc    000000d0                           : s_scalbn.obj (.text)
                  20013eac    000000cc     simplelink.a : netapp.obj (.text:_sl_HandleAsync_DnsGetHostByService)
                  20013f78    000000c8     pms_if.obj (.text)
                  20014040    000000c4     simplelink.a : driver.obj (.text:_SlRemoveFromList)
                  20014104    000000c0                  : driver.obj (.text:_SlDrvCmdOp)
                  200141c4    000000ba     free_rtos.a : portasm.obj (.text)
                  2001427e    00000002     --HOLE-- [fill = 0]
                  20014280    000000b8     simplelink.a : socket.obj (.text:sl_Bind)
                  20014338    000000b4     device_status.obj (.text)
                  200143ec    000000b4     simplelink.a : fs.obj (.text:sl_FsClose)
                  200144a0    000000a8     driverlib.a : interrupt.obj (.text:IntDisable)
                  20014548    000000a8                 : interrupt.obj (.text:IntEnable)
                  200145f0    000000a8     simplelink.a : wlan.obj (.text:sl_WlanGetNetworkList)
                  20014698    000000a4                  : fs.obj (.text:sl_FsOpen)
                  2001473c    000000a0     driverlib.a : spi.obj (.text:SPIConfigSetExpClk)
                  200147dc    000000a0     simplelink.a : driver.obj (.text:_SlDriverHandleError)
                  2001487c    000000a0                  : socket.obj (.text:sl_Recv)
                  2001491c    0000009c     rtsv7M4_T_le_eabi.lib : memcpy_t2.obj (.text)
                  200149b8    0000009c     uart_if.obj (.text)
                  20014a54    0000009a     simplelink.a : device.obj (.text:_SlDrvDeviceEventHandler)
                  20014aee    00000002     --HOLE-- [fill = 0]
                  20014af0    00000098                  : device.obj (.text:sl_DevSet)
                  20014b88    00000098                  : netapp.obj (.text:sl_NetAppSet)
                  20014c20    00000098                  : netcfg.obj (.text:sl_NetCfgSet)
                  20014cb8    00000098                  : socket.obj (.text:sl_SetSockOpt)
                  20014d50    00000098                  : wlan.obj (.text:sl_WlanSet)
                  20014de8    00000094     driverlib.a : prcm.obj (.text:PRCMPeripheralClockGet)
                  20014e7c    00000094     simplelink.a : fs.obj (.text:_sl_GetCreateFsMode)
                  20014f10    00000090                  : netapp.obj (.text:_sl_HandleAsync_DnsGetHostByName)
                  20014fa0    00000090                  : netapp.obj (.text:_sl_HandleAsync_PingResponse)
                  20015030    00000090                  : wlan.obj (.text:sl_WlanPolicySet)
                  200150c0    0000008c                  : cc_pal.obj (.text:SetupDMAReceive)
                  2001514c    0000008c                  : cc_pal.obj (.text:SetupDMASend)
                  200151d8    0000008c                  : driver.obj (.text:_SlDrvIsTimeoutExpired)
                  20015264    0000008c                  : device.obj (.text:_sl_HandleAsync_InitComplete)
                  200152f0    0000008c                  : socket.obj (.text:sl_Socket)
                  2001537c    0000008c                  : cc_pal.obj (.text:spi_Write)
                  20015408    00000088     driverlib.a : prcm.obj (.text:PRCMHibernateIntervalSet)
                  20015490    00000088                 : pin.obj (.text:PinConfigSet)
                  20015518    00000088     rtsv7M4_T_le_eabi.lib : vsnprintf.obj (.text)
                  200155a0    00000086                           : fd_cmp_t2.obj (.text:__aeabi_cdcmple)
                  20015626    00000086                           : fd_cmp_t2.obj (.text:__aeabi_cdrcmple)
                  200156ac    00000084     driverlib.a : i2c.obj (.text:I2CMasterInitExpClk)
                  20015730    00000084     simplelink.a : wlan.obj (.text:sl_WlanRxFilterSet)
                  200157b4    00000080                  : socket.obj (.text:_sl_HandleAsync_Connect)
                  20015834    00000080                  : fs.obj (.text:sl_FsDel)
                  200158b4    00000080                  : cc_pal.obj (.text:spi_Read_CPU)
                  20015934    00000080                  : cc_pal.obj (.text:spi_Write_CPU)
                  200159b4    0000007c     driverlib.a : sdhost.obj (.text:SDHostInit)
                  20015a30    0000007a     rtsv7M4_T_le_eabi.lib : fs_mul_t2.obj (.text)
                  20015aaa    0000007a                           : memset_t2.obj (.text)
                  20015b24    00000078     simplelink.a : cc_pal.obj (.text:spi_Close)
                  20015b9c    00000076     driverlib.a : uart.obj (.text:UARTConfigSetExpClk)
                  20015c12    00000002     --HOLE-- [fill = 0]
                  20015c14    00000074     rtsv7M4_T_le_eabi.lib : strtok.obj (.text)
                  20015c88    00000070     app_utils.obj (.text)
                  20015cf8    00000070     rtsv7M4_T_le_eabi.lib : autoinit.obj (.text)
                  20015d68    0000006e                           : fd_tos_t2.obj (.text)
                  20015dd6    00000002     --HOLE-- [fill = 0]
                  20015dd8    0000006c     simplelink.a : driver.obj (.text:_SlDrvCmdSend)
                  20015e44    0000006c                  : netapp.obj (.text:_sl_NetAppSendTokenValue)
                  20015eb0    00000068     rtsv7M4_T_le_eabi.lib : copy_decompress_lzss.obj (.text:decompress:lzss)
                  20015f18    00000066     driverlib.a : sdhost.obj (.text:SDHostSetExpClk)
                  20015f7e    00000002     --HOLE-- [fill = 0]
                  20015f80    00000064     simplelink.a : socket.obj (.text:_sl_HandleAsync_Accept)
                  20015fe4    00000064     driverlib.a : udma.obj (.text:uDMAChannelAttributeDisable)
                  20016048    00000064                 : udma.obj (.text:uDMAChannelAttributeEnable)
                  200160ac    00000060     rtsv7M4_T_le_eabi.lib : sprintf.obj (.text)
                  2001610c    00000060     simplelink.a : socket.obj (.text:sl_Close)
                  2001616c    00000060                  : wlan.obj (.text:sl_WlanProfileDel)
                  200161cc    00000060                  : wlan.obj (.text:sl_WlanSetMode)
                  2001622c    0000005c     rtsv7M4_T_le_eabi.lib : s_frexp.obj (.text)
                  20016288    00000058     ADS1015.obj (.text)
                  200162e0    00000058     driverlib.a : interrupt.obj (.text:IntPendClear)
                  20016338    00000058                 : prcm.obj (.text:PRCMPeripheralReset)
                  20016390    00000058     simplelink.a : netapp.obj (.text:sl_NetAppStart)
                  200163e8    00000058                  : netapp.obj (.text:sl_NetAppStop)
                  20016440    00000054     driverlib.a : interrupt.obj (.text:IntPrioritySet)
                  20016494    00000054     simplelink.a : socket.obj (.text:_sl_HandleAsync_Select)
                  200164e8    00000054     rtsv7M4_T_le_eabi.lib : exit.obj (.text)
                  2001653c    00000054                           : ltoa.obj (.text)
                  20016590    00000050     simplelink.a : driver.obj (.text:_SlDrvRxIrqHandler)
                  200165e0    00000050                  : device.obj (.text:_sl_HandleAsync_Stop)
                  20016630    0000004c     driverlib.a : spi.obj (.text:SPIIntEnable)
                  2001667c    0000004c     simplelink.a : driver.obj (.text:_SlDrvProtectAsyncRespSetting)
                  200166c8    0000004c                  : socket.obj (.text:_sl_BuildAddress)
                  20016714    0000004c     rtsv7M4_T_le_eabi.lib : atoi.obj (.text)
                  20016760    0000004c                           : cpy_tbl.obj (.text)
                  200167ac    0000004c     driverlib.a : udma.obj (.text:uDMAChannelAssign)
                  200167f8    00000048     MQTTDeserializePublish.obj (.text)
                  20016840    00000048     driverlib.a : prcm.obj (.text:PRCMHibernateWakeupSourceEnable)
                  20016888    00000048                 : spi.obj (.text:SPIIntClear)
                  200168d0    00000048     simplelink.a : driver.obj (.text:_SlDrvBasicCmd)
                  20016918    00000048     rtsv7M4_T_le_eabi.lib : fd_toi_t2.obj (.text)
                  20016960    00000044     driverlib.a : spi.obj (.text:SPIDmaMaskGet)
                  200169a4    00000044                 : timer.obj (.text:TimerConfigure)
                  200169e8    00000044                 : uart.obj (.text:UARTIntNumberGet)
                  20016a2c    00000044     simplelink.a : cc_pal.obj (.text:cc_SetupTransfer)
                  20016a70    00000042                  : socket.obj (.text:sl_Htonl)
                  20016ab2    00000002     --HOLE-- [fill = 0]
                  20016ab4    00000040     driverlib.a : pin.obj (.text:PinModeSet)
                  20016af4    00000040     simplelink.a : driver.obj (.text:_SlDrvSyncObjWaitTimeout)
                  20016b34    00000040                  : socket.obj (.text:_sl_TruncatePayloadByProtocol)
                  20016b74    00000040     rtsv7M4_T_le_eabi.lib : boot.obj (.text)
                  20016bb4    0000003e     driverlib.a : sdhost.obj (.text:SDHostCmdSend)
                  20016bf2    0000003c     simplelink.a : netapp.obj (.text:CopyPingResultsToReport)
                  20016c2e    00000002     --HOLE-- [fill = 0]
                  20016c30    0000003c     MQTTConnectClient.obj (.text)
                  20016c6c    0000003c     driverlib.a : prcm.obj (.text:PRCMPeripheralClkEnable)
                  20016ca8    0000003c                 : pin.obj (.text:PinDirModeSet)
                  20016ce4    0000003c     simplelink.a : cc_pal.obj (.text:simplelink_timerA2_start)
                  20016d20    0000003c                  : socket.obj (.text:sl_Htons)
                  20016d5c    0000003c     driverlib.a : udma.obj (.text:uDMAChannelControlSet)
                  20016d98    00000038     simplelink.a : cc_pal.obj (.text:NwpPowerOff)
                  20016dd0    00000038     free_rtos.a : heap_3.obj (.text)
                  20016e08    00000038     rtsv7M4_T_le_eabi.lib : fs_tod_t2.obj (.text)
                  20016e40    00000038     simplelink.a : wlan.obj (.text:sl_WlanDisconnect)
                  20016e78    00000036     driverlib.a : gpio.obj (.text:GPIODirModeSet)
                  20016eae    00000002     --HOLE-- [fill = 0]
                  20016eb0    00000034                 : prcm.obj (.text:PRCMPeripheralStatusGet)
                  20016ee4    00000034                 : sdhost.obj (.text:SDHostRespGet)
                  20016f18    00000034                 : spi.obj (.text:SPIFIFOLevelSet)
                  20016f4c    00000034     rtsv7M4_T_le_eabi.lib : strncpy.obj (.text)
                  20016f80    00000034                           : strstr.obj (.text)
                  20016fb4    00000030     driverlib.a : pin.obj (.text:PinTypeGPIO)
                  20016fe4    00000030                 : uart.obj (.text:UARTDisable)
                  20017014    00000030     simplelink.a : fs.obj (.text:_sl_Strlen)
                  20017044    0000002e     rtsv7M4_T_le_eabi.lib : i_tofd_t2.obj (.text)
                  20017072    00000002     --HOLE-- [fill = 0]
                  20017074    0000002c     simplelink.a : cc_pal.obj (.text:DmaSpiSwIntHandler)
                  200170a0    0000002c     driverlib.a : i2c.obj (.text:I2CMasterErr)
                  200170cc    0000002c     simplelink.a : cc_pal.obj (.text:NwpPowerOn)
                  200170f8    0000002c     driverlib.a : prcm.obj (.text:PRCMSysResetCauseGet)
                  20017124    0000002c                 : sdhost.obj (.text:SDHostIntStatus)
                  20017150    0000002c     rtsv7M4_T_le_eabi.lib : strncmp.obj (.text)
                  2001717c    0000002a     driverlib.a : timer.obj (.text:TimerLoadSet)
                  200171a6    0000002a                 : timer.obj (.text:TimerPrescaleSet)
                  200171d0    00000028                 : prcm.obj (.text:PRCMPeripheralClkDisable)
                  200171f8    00000028                 : sdhost.obj (.text:SDHostBlockSizeSet)
                  20017220    00000028     simplelink.a : driver.obj (.text:_SlDrvObjGlobalLockWaitForever)
                  20017248    00000028                  : driver.obj (.text:_SlDrvProtectionObjLockWaitForever)
                  20017270    00000026                  : cc_pal.obj (.text:NwpRegisterInterruptHandler)
                  20017296    00000026     driverlib.a : sdhost.obj (.text:SDHostBlockCountSet)
                  200172bc    00000024                 : interrupt.obj (.text:IntUnregister)
                  200172e0    00000024                 : sdhost.obj (.text:SDHostIntClear)
                  20017304    00000024                 : uart.obj (.text:UARTCharPutNonBlocking)
                  20017328    00000024                 : uart.obj (.text:UARTEnable)
                  2001734c    00000024     simplelink.a : driver.obj (.text:_SlDrvGlobalObjUnLock)
                  20017370    00000024                  : driver.obj (.text:_SlDrvProtectionObjUnLock)
                  20017394    00000024                  : driver.obj (.text:_SlDrvSyncObjWaitForever)
                  200173b8    00000024     rtsv7M4_T_le_eabi.lib : memcmp.obj (.text)
                  200173dc    00000024                           : u_tofs_t2.obj (.text)
                  20017400    00000024     sd_time_if.obj (.text)
                  20017424    00000022     driverlib.a : i2c.obj (.text:I2CMasterSlaveAddrSet)
                  20017446    00000022                 : sdhost.obj (.text:SDHostCmdReset)
                  20017468    00000022     simplelink.a : socket.obj (.text:SL_FD_SET)
                  2001748a    00000022     driverlib.a : spi.obj (.text:SPIReset)
                  200174ac    00000022                 : spi.obj (.text:SPIWordCountSet)
                  200174ce    00000022     simplelink.a : driver.obj (.text:_SlDrvObjLockWaitForever)
                  200174f0    00000020     driverlib.a : gpio.obj (.text:GPIOPinWrite)
                  20017510    00000020                 : interrupt.obj (.text:IntRegister)
                  20017530    00000020     simplelink.a : cc_pal.obj (.text:NwpPrePowerOffTimout0)
                  20017550    00000020     driverlib.a : prcm.obj (.text:PRCMOCRRegisterWrite)
                  20017570    00000020                 : sdhost.obj (.text:SDHostDataRead)
                  20017590    00000020     simplelink.a : cc_pal.obj (.text:TimerGetCurrentTimestamp)
                  200175b0    00000020     rtsv7M4_T_le_eabi.lib : u_tofd_t2.obj (.text)
                  200175d0    0000001e     driverlib.a : i2c.obj (.text:I2CMasterIntStatusEx)
                  200175ee    0000001e                 : sdhost.obj (.text:SDHostDataWrite)
                  2001760c    0000001e                 : timer.obj (.text:TimerEnable)
                  2001762a    0000001e                 : timer.obj (.text:TimerIntStatus)
                  20017648    0000001e                 : uart.obj (.text:UARTCharPut)
                  20017666    0000001e                 : uart.obj (.text:UARTIntRegister)
                  20017684    0000001e     simplelink.a : driver.obj (.text:_SlDrvObjUnLock)
                  200176a2    0000001e                  : driver.obj (.text:_SlDrvSyncObjSignal)
                  200176c0    0000001e                  : cc_pal.obj (.text:cc_UDMAChannelSelect)
                  200176de    0000001e     rtsv7M4_T_le_eabi.lib : strcat.obj (.text)
                  200176fc    0000001c     driverlib.a : pin.obj (.text:PinTypeI2C)
                  20017718    0000001c                 : timer.obj (.text:TimerValueGet)
                  20017734    0000001c                 : uart.obj (.text:UARTCharGetNonBlocking)
                  20017750    0000001c     simplelink.a : driver.obj (.text:_SlDrvStartMeasureTimeout)
                  2001776c    0000001c     driverlib.a : udma.obj (.text:uDMAChannelEnable)
                  20017788    0000001a                 : pin.obj (.text:PinTypeSDHost)
                  200177a2    0000001a                 : pin.obj (.text:PinTypeUART)
                  200177bc    0000001a                 : spi.obj (.text:SPIDmaDisable)
                  200177d6    0000001a                 : spi.obj (.text:SPIDmaEnable)
                  200177f0    0000001a                 : spi.obj (.text:SPIFIFODisable)
                  2001780a    0000001a                 : spi.obj (.text:SPIFIFOEnable)
                  20017824    00000018                 : gpio.obj (.text:GPIOPinRead)
                  2001783c    00000018                 : spi.obj (.text:SPICSDisable)
                  20017854    00000018                 : spi.obj (.text:SPICSEnable)
                  2001786c    00000018                 : spi.obj (.text:SPIDisable)
                  20017884    00000018                 : spi.obj (.text:SPIEnable)
                  2001789c    00000018                 : timer.obj (.text:TimerIntEnable)
                  200178b4    00000018                 : uart.obj (.text:UARTIntEnable)
                  200178cc    00000018                 : wdt.obj (.text:WatchdogUnlock)
                  200178e4    00000018     simplelink.a : device.obj (.text:_sl_GetStartResponseConvert)
                  200178fc    00000018     rtsv7M4_T_le_eabi.lib : args_main.obj (.text)
                  20017914    00000018                           : strcmp.obj (.text)
                  2001792c    00000016     driverlib.a : i2c.obj (.text:I2CMasterDataPut)
                  20017942    00000016                 : i2c.obj (.text:I2CMasterEnable)
                  20017958    00000016                 : prcm.obj (.text:PRCMHIBRegRead)
                  2001796e    00000016                 : prcm.obj (.text:PRCMHIBRegWrite)
                  20017984    00000016                 : uart.obj (.text:UARTFIFODisable)
                  2001799a    00000016                 : uart.obj (.text:UARTFIFOEnable)
                  200179b0    00000016                 : wdt.obj (.text:WatchdogEnable)
                  200179c6    00000016     simplelink.a : driver.obj (.text:_SlDrvMemZero)
                  200179dc    00000016     rtsv7M4_T_le_eabi.lib : strchr.obj (.text)
                  200179f2    00000014     driverlib.a : cpu.obj (.text:CPUcpsie)
                  20017a06    00000002     --HOLE-- [fill = 0]
                  20017a08    00000014                 : interrupt.obj (.text:IntVTableBaseSet)
                  20017a1c    00000014                 : prcm.obj (.text:PRCMHibernateEnter)
                  20017a30    00000014     rtsv7M4_T_le_eabi.lib : strcpy.obj (.text)
                  20017a44    00000014                           : strlen.obj (.text)
                  20017a58    00000012     driverlib.a : i2c.obj (.text:I2CMasterControl)
                  20017a6a    00000012                 : i2c.obj (.text:I2CMasterIntClearEx)
                  20017a7c    00000012                 : i2c.obj (.text:I2CMasterTimeoutSet)
                  20017a8e    00000012                 : timer.obj (.text:TimerIntClear)
                  20017aa0    00000012                 : uart.obj (.text:UARTIntClear)
                  20017ab2    00000012                 : wdt.obj (.text:WatchdogReloadSet)
                  20017ac4    00000010     simplelink.a : socket.obj (.text:SL_FD_ZERO)
                  20017ad4    00000010     driverlib.a : wdt.obj (.text:WatchdogIntClear)
                  20017ae4    00000010     simplelink.a : driver.obj (.text:_SlDrvDispatchHttpServerEvents)
                  20017af4    0000000e     driverlib.a : i2c.obj (.text:I2CMasterDataGet)
                  20017b02    0000000e     simplelink.a : driver.obj (.text:_SlDrvResetCmdExt)
                  20017b10    0000000e     rtsv7M4_T_le_eabi.lib : copy_decompress_none.obj (.text:decompress:none)
                  20017b1e    0000000e     startup_ccs.obj (.text)
                  20017b2c    0000000c     simplelink.a : cc_pal.obj (.text:NwpMaskInterrupt)
                  20017b38    0000000c                  : cc_pal.obj (.text:NwpUnMaskInterrupt)
                  20017b44    0000000c     rtsv7M4_T_le_eabi.lib : copy_zero_init.obj (.text:decompress:ZI)
                  20017b50    0000000a     driverlib.a : interrupt.obj (.text:IntMasterEnable)
                  20017b5a    00000008     rtsv7M4_T_le_eabi.lib : s_copysign.obj (.text)
                  20017b62    00000006     driverlib.a : utils.obj (.text:UtilsDelay)
                  20017b68    00000006     hooks.obj (.text)
                  20017b6e    00000004     rtsv7M4_T_le_eabi.lib : pre_init.obj (.text)

.const     0    20017b78    00000bdc     
                  20017b78    00000220     internet_if.obj (.const:$O18$$)
                  20017d98    00000140     device_time_if.obj (.const:$O13$$)
                  20017ed8    00000101     rtsv7M4_T_le_eabi.lib : ctype.obj (.const:.string:_ctypes_)
                  20017fd9    00000003     --HOLE-- [fill = 0]
                  20017fdc    00000100     driverlib.a : pin.obj (.const:g_ulPinToPadMap)
                  200180dc    000000e2     <whole-program> (.const:.string)
                  200181be    00000002     --HOLE-- [fill = 0]
                  200181c0    000000d8     MQTTClient.obj (.const:$O2$$)
                  20018298    000000d4     driverlib.a : interrupt.obj (.const:g_pulRegs)
                  2001836c    000000a8                 : prcm.obj (.const:PRCM_PeriphRegsList)
                  20018414    00000004     simplelink.a : netapp.obj (.const:$P$T0$1)
                  20018418    00000098     rtsv7M4_T_le_eabi.lib : strtod.obj (.const:$O28$$)
                  200184b0    00000064     simplelink_if.obj (.const:$O24$$)
                  20018514    0000003c     simplelink.a : driver.obj (.const:OpcodeTranslateTable)
                  20018550    00000038                  : driver.obj (.const:_SlActionLookupTable)
                  20018588    00000020                  : driver.obj (.const:RxMsgClassLUT)
                  200185a8    00000018     driverlib.a : interrupt.obj (.const:g_pulDisRegs)
                  200185c0    00000018                 : interrupt.obj (.const:g_pulEnRegs)
                  200185d8    00000018                 : interrupt.obj (.const:g_pulUnpendRegs)
                  200185f0    00000018                 : spi.obj (.const:g_ulSPIDmaMaskMap)
                  20018608    00000014     MQTTConnectClient.obj (.const:$O3$$)
                  2001861c    00000014     simplelink.a : driver.obj (.const:$P$T0$1)
                  20018630    00000014                  : fs.obj (.const:$P$T0$1)
                  20018644    00000012     server_if.obj (.const:.string:$P$T0$1$31)
                  20018656    00000010     simplelink.a : socket.obj (.const:.string:_SlPayloadByProtocolLUT)
                  20018666    00000002     --HOLE-- [fill = 0]
                  20018668    00000010     driverlib.a : uart.obj (.const:g_ppulUARTIntMap)
                  20018678    00000010     webclient.a : httpcli.obj (.const)
                  20018688    0000000b     app_utils.obj (.const:.string:pcDigits)
                  20018693    0000000a     main.obj (.const:.string:$P$T0$9$25)
                  2001869d    00000003     --HOLE-- [fill = 0]
                  200186a0    00000008     MQTTDeserializePublish.obj (.const:$O5$$)
                  200186a8    00000008     MQTTSerializePublish.obj (.const:$O7$$)
                  200186b0    00000008     MQTTSubscribeClient.obj (.const:$O8$$)
                  200186b8    00000008     webclient.a : httpcli.obj (.const:.string)
                  200186c0    00000008     simplelink.a : device.obj (.const:StartResponseLUT)
                  200186c8    00000008                  : driver.obj (.const:g_H2NCnysPattern)
                  200186d0    00000008                  : driver.obj (.const:g_H2NSyncPattern)
                  200186d8    00000004                  : socket.obj (.const:$P$T0$1)
                  200186dc    00000004                  : socket.obj (.const:$P$T1$2)
                  200186e0    00000004                  : socket.obj (.const:$P$T2$3)
                  200186e4    00000004                  : device.obj (.const:_SlDeviceSetCmdCtrl)
                  200186e8    00000004                  : fs.obj (.const:_SlFsCloseCmdCtrl)
                  200186ec    00000004                  : fs.obj (.const:_SlFsDeleteCmdCtrl)
                  200186f0    00000004                  : fs.obj (.const:_SlFsOpenCmdCtrl)
                  200186f4    00000004                  : fs.obj (.const:_SlFsReadCmdCtrl)
                  200186f8    00000004                  : fs.obj (.const:_SlFsWriteCmdCtrl)
                  200186fc    00000004                  : netapp.obj (.const:_SlGetHostByNameCtrl)
                  20018700    00000004                  : netapp.obj (.const:_SlNetAppSendTokenValueCmdCtrl)
                  20018704    00000004                  : netapp.obj (.const:_SlNetAppSetCmdCtrl)
                  20018708    00000004                  : netapp.obj (.const:_SlNetAppStartCtrl)
                  2001870c    00000004                  : netapp.obj (.const:_SlNetAppStopCtrl)
                  20018710    00000004                  : netcfg.obj (.const:_SlNetCfgGetCmdCtrl)
                  20018714    00000004                  : netcfg.obj (.const:_SlNetCfgSetCmdCtrl)
                  20018718    00000004                  : wlan.obj (.const:_SlPolicySetCmdCtrl)
                  2001871c    00000004                  : wlan.obj (.const:_SlProfileDelCmdCtrl)
                  20018720    00000004                  : wlan.obj (.const:_SlProfileGetCmdCtrl)
                  20018724    00000004                  : socket.obj (.const:_SlRecvCmdCtrl)
                  20018728    00000004                  : socket.obj (.const:_SlRecvfomCmdCtrl)
                  2001872c    00000004                  : wlan.obj (.const:_SlRxFilterSetCmdCtrl)
                  20018730    00000004                  : socket.obj (.const:_SlSelectCmdCtrl)
                  20018734    00000004                  : socket.obj (.const:_SlSendCmdCtrl)
                  20018738    00000004                  : socket.obj (.const:_SlSetSockOptCmdCtrl)
                  2001873c    00000004                  : socket.obj (.const:_SlSockCloseCmdCtrl)
                  20018740    00000004                  : socket.obj (.const:_SlSockSocketCmdCtrl)
                  20018744    00000004                  : device.obj (.const:_SlStopCmdCtrl)
                  20018748    00000004                  : wlan.obj (.const:_SlWlanCfgSetCmdCtrl)
                  2001874c    00000004                  : wlan.obj (.const:_SlWlanGetNetworkListCtrl)
                  20018750    00000004                  : wlan.obj (.const:_SlWlanSetModeCmdCtrl)

.cinit     0    20018758    000000a8     
                  20018758    00000080     (.cinit..data.load) [load image, compression = lzss]
                  200187d8    0000000c     (__TI_handler_table)
                  200187e4    00000004     --HOLE-- [fill = 0]
                  200187e8    00000008     (.cinit..bss.load) [load image, compression = zero_init]
                  200187f0    00000010     (__TI_cinit_table)

.sysmem    0    20019000    00008000     UNINITIALIZED
                  20019000    00000008     rtsv7M4_T_le_eabi.lib : memory.obj (.sysmem)
                  20019008    00007ff8     --HOLE--

.data      0    20021000    00001fa4     UNINITIALIZED
                  20021000    00000998     internet_if.obj (.data:$O17$$)
                  20021998    00000684     sd_if.obj (.data:$O21$$)
                  2002201c    00000004     MQTTCC3200.obj (.data)
                  20022020    000004e8     main.obj (.data:$O19$$)
                  20022508    00000430     gps_if.obj (.data:$O16$$)
                  20022938    000001fc     MQTTClient.obj (.data:$O1$$)
                  20022b34    00000110     server_if.obj (.data:$O22$$)
                  20022c44    000000bc     simplelink_if.obj (.data:$O23$$)
                  20022d00    000000b8     device_time_if.obj (.data:$O12$$)
                  20022db8    0000009c     pms_if.obj (.data:$O20$$)
                  20022e54    00000048     webclient.a : httpcli.obj (.data:tlsParams)
                  20022e9c    00000034     gpio_if.obj (.data:$O15$$)
                  20022ed0    00000034     free_rtos.a : tasks.obj (.data)
                  20022f04    00000018     diskio.obj (.data:g_sDisk$18)
                  20022f1c    00000012     main.obj (.data)
                  20022f2e    00000010     webclient.a : httpcli.obj (.data)
                  20022f3e    00000002     MQTTClient.obj (.data)
                  20022f40    0000000d     simplelink.a : driver.obj (.data)
                  20022f4d    00000003     --HOLE--
                  20022f50    0000000c     rtsv7M4_T_le_eabi.lib : exit.obj (.data:$O1$$)
                  20022f5c    0000000c                           : memory.obj (.data:$O27$$)
                  20022f68    0000000c     free_rtos.a : osi_freertos.obj (.data)
                  20022f74    00000009     simplelink.a : cc_pal.obj (.data)
                  20022f7d    00000003     --HOLE--
                  20022f80    00000008     device_status.obj (.data:$O11$$)
                  20022f88    00000008     rtsv7M4_T_le_eabi.lib : _lock.obj (.data:$O26$$)
                  20022f90    00000004     free_rtos.a : port.obj (.data)
                  20022f94    00000004     internet_if.obj (.data)
                  20022f98    00000004     rtsv7M4_T_le_eabi.lib : errno.obj (.data)
                  20022f9c    00000004                           : stkdepth_vars.obj (.data)
                  20022fa0    00000004                           : strtok.obj (.data)

.bss       0    20022fa4    00000386     UNINITIALIZED
                  20022fa4    00000178     simplelink.a : driver.obj (.bss:g_StatMem)
                  2002311c    000000c8     free_rtos.a : tasks.obj (.bss:pxReadyTasksLists)
                  200231e4    00000050     (.common:g_ucDinDout)
                  20023234    00000050     (.common:xQueueRegistry)
                  20023284    00000014     internet_if.obj (.bss:IP_str$24)
                  20023298    00000014     free_rtos.a : tasks.obj (.bss:xDelayedTaskList1)
                  200232ac    00000014                 : tasks.obj (.bss:xDelayedTaskList2)
                  200232c0    00000014                 : tasks.obj (.bss:xPendingReadyList)
                  200232d4    00000014                 : tasks.obj (.bss:xSuspendedTaskList)
                  200232e8    00000014                 : tasks.obj (.bss:xTasksWaitingTermination)
                  200232fc    00000008     ff.obj (.bss:$O14$$)
                  20023304    00000008     free_rtos.a : tasks.obj (.bss)
                  2002330c    00000008     internet_if.obj (.bss)
                  20023314    00000008     (.common:g_sSDTimeInfo)
                  2002331c    00000004     MQTTPacket.obj (.bss)
                  20023320    00000004     (.common:DMAMsgQ)
                  20023324    00000004     (.common:g_cDummy)
                  20023328    00000001     (.common:RxIrqCnt)
                  20023329    00000001     (.common:g_bDeviceRestartIsRequired)

.stack     0    2002e000    00002000     UNINITIALIZED
                  2002e000    00002000     --HOLE--

MODULE SUMMARY

       Module                       code    ro data   rw data
       ------                       ----    -------   -------
    .\src\
       main.obj                     9116    10        1274   
       internet_if.obj              7288    544       2488   
       ff.obj                       5116    0         8      
       MQTTClient.obj               2716    216       510    
       gps_if.obj                   1208    0         1072   
       sd_if.obj                    392     0         1668   
       device_time_if.obj           1004    320       184    
       startup_ccs.obj              14      1024      0      
       simplelink_if.obj            480     100       188    
       MQTTCC3200.obj               632     0         4      
       i2c_if.obj                   600     0         0      
       gpio_if.obj                  496     0         52     
       server_if.obj                236     18        272    
       MQTTPacket.obj               476     0         4      
       diskio.obj                   452     0         24     
       pms_if.obj                   200     0         156    
       MQTTSerializePublish.obj     280     8         0      
       timer_if.obj                 220     0         0      
       device_status.obj            180     0         8      
       uart_if.obj                  156     0         0      
       app_utils.obj                112     11        0      
       ADS1015.obj                  88      0         0      
       MQTTConnectClient.obj        60      20        0      
       MQTTDeserializePublish.obj   72      8         0      
       sd_time_if.obj               36      0         0      
       MQTTSubscribeClient.obj      0       8         0      
       hooks.obj                    6       0         0      
    +--+----------------------------+-------+---------+---------+
       Total:                       31636   2287      7912   
                                                             
    C:\Users\Tom\AppData\Local\Temp\
       109482                       0       226       8      
    +--+----------------------------+-------+---------+---------+
       Total:                       0       226       8      
                                                             
    C:/TI/CC3200SDK_1.3.0/cc3200-sdk/driverlib/ccs/Release/driverlib.a
       prcm.obj                     1112    168       0      
       interrupt.obj                608     284       0      
       spi.obj                      696     24        0      
       pin.obj                      388     256       0      
       udma.obj                     604     0         0      
       sdhost.obj                   594     0         0      
       uart.obj                     480     16        0      
       i2c.obj                      352     0         0      
       timer.obj                    282     0         0      
       gpio.obj                     110     0         0      
       wdt.obj                      80      0         0      
       cpu.obj                      20      0         0      
       utils.obj                    6       0         0      
    +--+----------------------------+-------+---------+---------+
       Total:                       5332    748       0      
                                                             
    C:/TI/CC3200SDK_1.3.0/cc3200-sdk/netapps/http/client/ccs/HTTPClientMinLib/webclient.a
       httpcli.obj                  4036    24        88     
       ssock.obj                    746     0         0      
    +--+----------------------------+-------+---------+---------+
       Total:                       4782    24        88     
                                                             
    C:/TI/CC3200SDK_1.3.0/cc3200-sdk/oslib/ccs/free_rtos/free_rtos.a
       tasks.obj                    4700    0         360    
       queue.obj                    2852    0         80     
       osi_freertos.obj             1116    0         12     
       list.obj                     298     0         0      
       port.obj                     272     0         4      
       portasm.obj                  186     0         0      
       heap_3.obj                   56      0         0      
    +--+----------------------------+-------+---------+---------+
       Total:                       9480    0         456    
                                                             
    C:/TI/CC3200SDK_1.3.0/cc3200-sdk/simplelink/ccs/OS/simplelink.a
       driver.obj                   7610    184       391    
       socket.obj                   3080    56        0      
       netapp.obj                   2004    24        0      
       cc_pal.obj                   1780    0         97     
       fs.obj                       1236    40        0      
       wlan.obj                     1124    28        0      
       device.obj                   1026    16        0      
       netcfg.obj                   368     8         0      
    +--+----------------------------+-------+---------+---------+
       Total:                       18228   356       488    
                                                             
    C:\TI\ccsv7\tools\compiler\ti-cgt-arm_16.9.1.LTS\lib\rtsv7M4_T_le_eabi.lib
       _printfi.obj                 4354    0         0      
       strtod.obj                   568     152       0      
       memory.obj                   704     0         12     
       ull_div_t2.obj               500     0         0      
       fd_add_t2.obj                438     0         0      
       fd_div_t2.obj                310     0         0      
       strtoul.obj                  276     0         0      
       fd_cmp_t2.obj                268     0         0      
       ctype.obj                    0       257       0      
       fd_mul_t2.obj                252     0         0      
       qsort.obj                    210     0         0      
       s_scalbn.obj                 208     0         0      
       memcpy_t2.obj                156     0         0      
       vsnprintf.obj                136     0         0      
       fs_mul_t2.obj                122     0         0      
       memset_t2.obj                122     0         0      
       strtok.obj                   116     0         4      
       autoinit.obj                 112     0         0      
       fd_tos_t2.obj                110     0         0      
       copy_decompress_lzss.obj     104     0         0      
       exit.obj                     84      0         12     
       sprintf.obj                  96      0         0      
       s_frexp.obj                  92      0         0      
       ltoa.obj                     84      0         0      
       atoi.obj                     76      0         0      
       cpy_tbl.obj                  76      0         0      
       fd_toi_t2.obj                72      0         0      
       boot.obj                     64      0         0      
       fs_tod_t2.obj                56      0         0      
       strncpy.obj                  52      0         0      
       strstr.obj                   52      0         0      
       i_tofd_t2.obj                46      0         0      
       strncmp.obj                  44      0         0      
       memcmp.obj                   36      0         0      
       u_tofs_t2.obj                36      0         0      
       u_tofd_t2.obj                32      0         0      
       strcat.obj                   30      0         0      
       args_main.obj                24      0         0      
       strcmp.obj                   24      0         0      
       strchr.obj                   22      0         0      
       strcpy.obj                   20      0         0      
       strlen.obj                   20      0         0      
       copy_decompress_none.obj     14      0         0      
       copy_zero_init.obj           12      0         0      
       _lock.obj                    2       0         8      
       s_copysign.obj               8       0         0      
       errno.obj                    0       0         4      
       pre_init.obj                 4       0         0      
       stkdepth_vars.obj            0       0         4      
       mpu_init.obj                 2       0         0      
       startup.obj                  2       0         0      
    +--+----------------------------+-------+---------+---------+
       Total:                       10248   409       44     
                                                             
       Heap:                        0       0         32768  
       Stack:                       0       0         8192   
       Linker Generated:            0       164       0      
    +--+----------------------------+-------+---------+---------+
       Grand Total:                 79706   4214      49956  


LINKER GENERATED COPY TABLES

__TI_cinit_table @ 200187f0 records: 2, size/record: 8, table size: 16
	.data: load addr=20018758, load size=00000080 bytes, run addr=20021000, run size=00001fa4 bytes, compression=lzss
	.bss: load addr=200187e8, load size=00000008 bytes, run addr=20022fa4, run size=00000386 bytes, compression=zero_init


LINKER GENERATED HANDLER TABLE

__TI_handler_table @ 200187d8 records: 3, size/record: 4, table size: 12
	index: 0, handler: __TI_decompress_lzss
	index: 1, handler: __TI_decompress_none
	index: 2, handler: __TI_zero_init


GLOBAL SYMBOLS: SORTED ALPHABETICALLY BY Name 

address   name                               
-------   ----                               
200135f5  AIR_ConnectAIRUServer              
20013673  AIR_DownloadFile                   
20022b78  AirHTTPClient                      
200164e9  C$$EXIT                            
200179f3  CPUcpsie                           
20014345  ConnectionTest                     
20023320  DMAMsgQ                            
20017075  DmaSpiSwIntHandler                 
20016e79  GPIODirModeSet                     
20017825  GPIOPinRead                        
200174f1  GPIOPinWrite                       
200104fb  GPIO_IF_Get                        
200105e5  GPIO_IF_GetPortNPin                
2001057d  GPIO_IF_LedBlink                   
20010625  GPIO_IF_LedConfigure               
2001048f  GPIO_IF_LedOff                     
20010511  GPIO_IF_LedOn                      
20010479  GPIO_IF_Set                        
20010603  GPIO_MICS_Preheat                  
2000e685  GPS_DMm2Dd                         
2000c49b  HTTPCli_connect                    
2000c5bd  HTTPCli_construct                  
2000c605  HTTPCli_create                     
2000c61d  HTTPCli_delete                     
2000c653  HTTPCli_destruct                   
2000c69b  HTTPCli_disconnect                 
2000c8d1  HTTPCli_getResponseField           
2000c89b  HTTPCli_getResponseStatus          
2000c38d  HTTPCli_initSockAddr               
2000cae1  HTTPCli_readRawResponseBody        
2000ca55  HTTPCli_readResponseBody           
2000c80b  HTTPCli_sendField                  
2000c73d  HTTPCli_sendRequest                
2000c863  HTTPCli_sendRequestBody            
2000cb21  HTTPCli_setProxy                   
2000c6d1  HTTPCli_setRequestFields           
2000c6f7  HTTPCli_setResponseFields          
2000c71d  HTTPCli_setSecureParams            
20006bd5  HTTP_FlushHTTPResponse             
20006c5d  HTTP_GETDownloadFile               
20017a59  I2CMasterControl                   
20017af5  I2CMasterDataGet                   
2001792d  I2CMasterDataPut                   
20017943  I2CMasterEnable                    
200170a1  I2CMasterErr                       
200156ad  I2CMasterInitExpClk                
20017a6b  I2CMasterIntClearEx                
200175d1  I2CMasterIntStatusEx               
20017425  I2CMasterSlaveAddrSet              
20017a7d  I2CMasterTimeoutSet                
2000fbdd  I2C_IF_Close                       
2000fba9  I2C_IF_Open                        
2000fdb7  I2C_IF_Read                        
2000fd5f  I2C_IF_Write                       
2000f991  InitTimer                          
200144a1  IntDisable                         
20014549  IntEnable                          
20017b51  IntMasterEnable                    
200162e1  IntPendClear                       
20016441  IntPrioritySet                     
20017511  IntRegister                        
200172bd  IntUnregister                      
20017a09  IntVTableBaseSet                   
20011949  LOG                                
2000dacd  MQTTClient                         
2000db05  MQTTConnect                        
200167f9  MQTTDeserialize_ack                
2000dd75  MQTTInitialize                     
20010a89  MQTTPacket_decode                  
20010ac5  MQTTPacket_decodeBuf               
20010a47  MQTTPacket_encode                  
20010b4d  MQTTPacket_len                     
2000d9e5  MQTTPublish                        
20012ca9  MQTTSerialize_ack                  
20012d23  MQTTSerialize_publish              
20012cfb  MQTTSerialize_publishLength        
20016c31  MQTTSerialize_zero                 
2000dea7  MQTTSubscribe                      
2000dff1  MQTTSubscribeAll                   
20022090  MQTT_INFLUX_TOPIC                  
20010b6f  MQTTstrlen                         
200149b9  Message                            
20022938  MsgOutline                         
200067a3  Net_Status                         
2000d6bb  NewMessageData                     
2000fa83  NewNetwork                         
20017b2d  NwpMaskInterrupt                   
20016d99  NwpPowerOff                        
200170cd  NwpPowerOn                         
20017531  NwpPrePowerOffTimout0              
20017271  NwpRegisterInterruptHandler        
20017b39  NwpUnMaskInterrupt                 
20018514  OpcodeTranslateTable               
20004485  PM_Tally                           
20011ad1  PRCMCC3200MCUInit                  
20017959  PRCMHIBRegRead                     
2001796f  PRCMHIBRegWrite                    
20017a1d  PRCMHibernateEnter                 
20015409  PRCMHibernateIntervalSet           
20016841  PRCMHibernateWakeupSourceEnable    
20017551  PRCMOCRRegisterWrite               
200171d1  PRCMPeripheralClkDisable           
20016c6d  PRCMPeripheralClkEnable            
20014de9  PRCMPeripheralClockGet             
20016339  PRCMPeripheralReset                
20016eb1  PRCMPeripheralStatusGet            
200170f9  PRCMSysResetCauseGet               
20015491  PinConfigSet                       
20016ca9  PinDirModeSet                      
20016ab5  PinModeSet                         
20016fb5  PinTypeGPIO                        
200176fd  PinTypeI2C                         
20017789  PinTypeSDHost                      
200177a3  PinTypeUART                        
200067bf  RebootMCU                          
200149d1  Report                             
20017b1f  ResetISR                           
20023328  RxIrqCnt                           
20017297  SDHostBlockCountSet                
200171f9  SDHostBlockSizeSet                 
20017447  SDHostCmdReset                     
20016bb5  SDHostCmdSend                      
20017571  SDHostDataRead                     
200175ef  SDHostDataWrite                    
200159b5  SDHostInit                         
200172e1  SDHostIntClear                     
20017125  SDHostIntStatus                    
20016ee5  SDHostRespGet                      
20015f19  SDHostSetExpClk                    
UNDEFED   SHT$$INIT_ARRAY$$Base              
UNDEFED   SHT$$INIT_ARRAY$$Limit             
20017469  SL_FD_SET                          
20017ac5  SL_FD_ZERO                         
2001783d  SPICSDisable                       
20017855  SPICSEnable                        
2001473d  SPIConfigSetExpClk                 
2001786d  SPIDisable                         
200177bd  SPIDmaDisable                      
200177d7  SPIDmaEnable                       
20017885  SPIEnable                          
200177f1  SPIFIFODisable                     
2001780b  SPIFIFOEnable                      
20016f19  SPIFIFOLevelSet                    
20016889  SPIIntClear                        
20016631  SPIIntEnable                       
2001748b  SPIReset                           
200174ad  SPIWordCountSet                    
2002105e  ScanResults                        
200082b1  SimpleLinkGeneralEventHandler      
20008001  SimpleLinkHttpServerCallback       
20007cf3  SimpleLinkNetAppEventHandler       
20014339  SimpleLinkPingReport               
20007b1d  SimpleLinkSockEventHandler         
2000772d  SimpleLinkWlanEventHandler         
2000f39d  Ssock_construct                    
2000f3dd  Ssock_create                       
2000f3f7  Ssock_delete                       
2000f41f  Ssock_destruct                     
2000f471  Ssock_getSocket                    
2000f47f  Ssock_recv                         
2000f4d9  Ssock_recvall                      
2000f51d  Ssock_send                         
2000f637  Ssock_startSecure                  
2000f209  TIME_BestTimeSource                
2000f195  TIME_Exists                        
2000f269  TIME_GetDateFromSource             
2000f1e7  TIME_GetPosix                      
2000f1d9  TIME_GetSecondsActive              
2000f219  TIME_GetTimeFromSource             
2000f2d1  TIME_TimerIntHandler               
2000f16b  TIME_UpdateSystemTimeFromPOSIX     
2000ef99  TIME_millis                        
2000f08f  TIME_posix2lt                      
2000fa95  TLSConnectNetwork                  
200169a5  TimerConfigure                     
2001760d  TimerEnable                        
20017591  TimerGetCurrentTimestamp           
20017a8f  TimerIntClear                      
2001789d  TimerIntEnable                     
2001762b  TimerIntStatus                     
2001717d  TimerLoadSet                       
200171a7  TimerPrescaleSet                   
20017719  TimerValueGet                      
20013b69  Timer_IF_Init                      
20013bdb  Timer_IF_IntSetup                  
20013b55  Timer_IF_InterruptClear            
20013c0d  Timer_IF_Start                     
20017735  UARTCharGetNonBlocking             
20017649  UARTCharPut                        
20017305  UARTCharPutNonBlocking             
20015b9d  UARTConfigSetExpClk                
20016fe5  UARTDisable                        
20017329  UARTEnable                         
20017985  UARTFIFODisable                    
2001799b  UARTFIFOEnable                     
20017aa1  UARTIntClear                       
200178b5  UARTIntEnable                      
20017667  UARTIntRegister                    
20017b63  UtilsDelay                         
2000ee05  VDeleteSimpleLinkSpawnTask         
2000edb5  VStartSimpleLinkSpawnTask          
200179b1  WatchdogEnable                     
20017ad5  WatchdogIntClear                   
20017ab3  WatchdogReloadSet                  
200178cd  WatchdogUnlock                     
20006e95  Wlan_ConfigureMode                 
20007149  Wlan_Connect                       
20018550  _SlActionLookupTable               
200147dd  _SlDriverHandleError               
200168d1  _SlDrvBasicCmd                     
20014105  _SlDrvCmdOp                        
20015dd9  _SlDrvCmdSend                      
20010669  _SlDrvDataReadOp                   
20012081  _SlDrvDataWriteOp                  
20014a55  _SlDrvDeviceEventHandler           
20017ae5  _SlDrvDispatchHttpServerEvents     
20012a65  _SlDrvDriverCBDeinit               
2001149d  _SlDrvDriverCBInit                 
2001734d  _SlDrvGlobalObjUnLock              
200151d9  _SlDrvIsTimeoutExpired             
200179c7  _SlDrvMemZero                      
200138b5  _SlDrvMsgReadSpawnCtx              
20013215  _SlDrvNetAppEventHandler           
200174cf  _SlDrvObjLockWaitForever           
20017685  _SlDrvObjUnLock                    
2001667d  _SlDrvProtectAsyncRespSetting      
20017249  _SlDrvProtectionObjLockWaitForever 
20017371  _SlDrvProtectionObjUnLock          
20010c05  _SlDrvReleasePoolObj               
20017b03  _SlDrvResetCmdExt                  
20016591  _SlDrvRxIrqHandler                 
20017751  _SlDrvStartMeasureTimeout          
200176a3  _SlDrvSyncObjSignal                
20017395  _SlDrvSyncObjWaitForever           
20016af5  _SlDrvSyncObjWaitTimeout           
2001162d  _SlDrvWaitForPoolObj               
20018700  _SlNetAppSendTokenValueCmdCtrl     
20030000  __STACK_END                        
00002000  __STACK_SIZE                       
00008000  __SYSMEM_SIZE                      
200187f0  __TI_CINIT_Base                    
20018800  __TI_CINIT_Limit                   
200187d8  __TI_Handler_Table_Base            
200187e4  __TI_Handler_Table_Limit           
20015cf9  __TI_auto_init                     
20022f50  __TI_cleanup_ptr                   
20015eb1  __TI_decompress_lzss               
20017b11  __TI_decompress_none               
20022f54  __TI_dtors_ptr                     
20022f58  __TI_enable_exit_profile_output    
ffffffff  __TI_pprof_out_hndl                
2000b295  __TI_printfi                       
ffffffff  __TI_prof_data_size                
ffffffff  __TI_prof_data_start               
20018758  __TI_static_base__                 
20017b45  __TI_zero_init                     
200155a1  __aeabi_cdcmpeq                    
200155a1  __aeabi_cdcmple                    
20015627  __aeabi_cdrcmple                   
20015d69  __aeabi_d2f                        
20016919  __aeabi_d2iz                       
20010fa3  __aeabi_dadd                       
200126cd  __aeabi_ddiv                       
20013319  __aeabi_dmul                       
20010f99  __aeabi_dsub                       
20016e09  __aeabi_f2d                        
20015a31  __aeabi_fmul                       
20017045  __aeabi_i2d                        
20015aab  __aeabi_memclr                     
20015aab  __aeabi_memclr4                    
20015aab  __aeabi_memclr8                    
2001491d  __aeabi_memcpy                     
2001491d  __aeabi_memcpy4                    
2001491d  __aeabi_memcpy8                    
20015aad  __aeabi_memset                     
20015aad  __aeabi_memset4                    
20015aad  __aeabi_memset8                    
200175b1  __aeabi_ui2d                       
200173dd  __aeabi_ui2f                       
20010285  __aeabi_uldivmod                   
ffffffff  __binit__                          
ffffffff  __c_args__                         
2001114f  __mpu_init                         
2002e000  __stack                            
200178fd  _args_main                         
20016b75  _c_int00                           
20006e89  _cmp_rssi                          
20017ed8  _ctypes_                           
20022f88  _lock                              
2000f66f  _nop                               
20014e7d  _sl_GetCreateFsMode                
20015f81  _sl_HandleAsync_Accept             
200157b5  _sl_HandleAsync_Connect            
20014f11  _sl_HandleAsync_DnsGetHostByName   
20013ead  _sl_HandleAsync_DnsGetHostByService
20015265  _sl_HandleAsync_InitComplete       
20014fa1  _sl_HandleAsync_PingResponse       
20016495  _sl_HandleAsync_Select             
200165e1  _sl_HandleAsync_Stop               
20015e45  _sl_NetAppSendTokenValue           
20019000  _sys_memory                        
20012803  _system_post_cinit                 
20017b6f  _system_pre_init                   
20022f8c  _unlock                            
200164ed  abort                              
20016715  atoi                               
20022f2d  bInitialConnectionFinished         
ffffffff  binit                              
200219a0  btw_header                         
20010a29  bufchar                            
2000bbb7  bufferedRecv                       
2000f931  cc3200_disconnect                  
2000f9bf  cc3200_read                        
2000f939  cc3200_write                       
20008b23  clust2sect                         
20016761  copy_in                            
20017b5b  copysign                           
20017b5b  copysignl                          
2000fa6f  countdown                          
2000f99b  countdown_ms                       
20010849  cpyUniqueID                        
2000d6c5  cycle                              
20022158  dataPoint                          
2002230f  dbg_payload                        
20010ee5  disk_read                          
20010dd5  disk_status                        
20010e21  disk_write                         
20009aa1  eTaskGetState                      
20022f98  errno                              
200164f5  exit                               
2000f9a9  expired                            
20009549  f_append                           
200094a7  f_close                            
200089f1  f_mount                            
20009135  f_open                             
200092ad  f_read                             
20009695  f_write                            
20022b38  firmware_binary                    
200219a4  fp                                 
20021bc8  fp_log                             
2000f6db  free                               
2001622d  frexp                              
2001622d  frexpl                             
20021dec  fs                                 
20022d8c  g_SlDateTime                       
20022f40  g_SlDeviceStatus                   
20022f74  g_SpiFd                            
20022d02  g_SundayIndex                      
20017db1  g_acDaysOfWeek2017                 
20017d98  g_acNumOfDaysPerMonth              
20022d04  g_acSNTPserver                     
20017de5  g_acSNTPserverList                 
20023329  g_bDeviceRestartIsRequired         
20023324  g_cDummy                           
20022054  g_cUniqueID                        
20022f28  g_lResetCause                      
20022f44  g_pCB                              
20022f78  g_pHostIntHdl                      
20004000  g_pfnVectors                       
20022ddc  g_rb                               
200221b0  g_sFileDownload                    
20022d68  g_sGPSTimeInfo                     
20022510  g_sGPS_data                        
20023314  g_sSDTimeInfo                      
20022d01  g_sSNTPDataInUse                   
20022d34  g_sSNTPDateTime                    
20022d44  g_sTimeInfo                        
20022dc8  g_spmdata                          
20021018  g_ucConnectionBSSID                
20022f25  g_ucConnectionReset                
2002103d  g_ucConnectionSSID                 
20022f7c  g_ucDMAEnabled                     
200231e4  g_ucDinDout                        
20022508  g_ucGPSReadyFlag                   
20022550  g_ucGPSRingBuf                     
20022e9f  g_ucJ9Pin                          
20022e9c  g_ucLED1Pin                        
20022e9d  g_ucLED2Pin                        
20022e9e  g_ucLED3Pin                        
20022f2c  g_ucMode                           
20022b34  g_ucOTABinFN                       
20022db8  g_ucPMRSTPin                       
20022f24  g_ucRequestPingTest                
20022d00  g_ucSNTPServerListIndex            
20022020  g_ucTimeSynced                     
20022eac  g_uiJ9Port                         
20022ea0  g_uiLED1Port                       
20022ea4  g_uiLED2Port                       
20022ea8  g_uiLED3Port                       
20022dc0  g_uiPMRSTPort                      
20022f84  g_uiPingDone                       
20022f80  g_uiPingPacketsRecv                
2002293c  g_uiSubscribedTopics               
20022f1c  g_ulErrorCodes                     
20021010  g_ulGatewayIP                      
2002100c  g_ulStaIp                          
20022f94  g_ulStatus                         
20022f20  g_ulTaskStatus                     
200068b7  getLastAddedProfile                
200076fb  getLastConnectionError             
200068d1  getLastProfileGoodFlag             
2000d663  getMQTTPubFlag                     
20006877  getNetworkProfileRequestFlag       
2000d9a1  getNextPacketId                    
20006839  getSLStatus                        
2000679d  getStatus                          
20008a4f  get_fat                            
20010f6d  get_fattime                        
2002199c  header                             
20015c89  itoa                               
2002101e  lastProfileInfo                    
20022028  last_data_post_time                
20013ddd  ldexp                              
20013ddd  ldexpl                             
2000fa59  left_ms                            
2001653d  ltoa                               
200061bd  main                               
20022f9c  main_func_sp                       
2000f8b5  malloc                             
2000ef09  mem_Free                           
2000eefd  mem_Malloc                         
2000ef29  mem_copy                           
2000ef15  mem_set                            
200173b9  memcmp                             
2001491d  memcpy                             
20015ab3  memset                             
20005109  messageArrived                     
2000fa47  milliInterrupt                     
2000f893  minit                              
20022064  n                                  
2000ef7f  osi_ContextRestore                 
2000ef7d  osi_ContextSave                    
2000ef3d  osi_EnterCritical                  
2000ef47  osi_ExitCritical                   
2000eb63  osi_InterruptDeRegister            
2000eb3d  osi_InterruptRegister              
2000ec6d  osi_LockObjCreate                  
2000ece1  osi_LockObjDelete                  
2000ecf1  osi_LockObjLock                    
2000ed1d  osi_LockObjUnlock                  
2000ee31  osi_MsgQCreate                     
2000ee75  osi_MsgQDelete                     
2000eec1  osi_MsgQRead                       
2000ee8f  osi_MsgQWrite                      
2000ef59  osi_Sleep                          
2000ed47  osi_Spawn                          
2000ec4b  osi_SyncObjClear                   
2000eb75  osi_SyncObjCreate                  
2000eba5  osi_SyncObjDelete                  
2000ebbf  osi_SyncObjSignal                  
2000ebe7  osi_SyncObjSignalFromISR           
2000ec1f  osi_SyncObjWait                    
2000ec93  osi_TaskCreate                     
2000ecd3  osi_TaskDelete                     
2000ef69  osi_TaskDisable                    
2000ef73  osi_TaskEnable                     
2000ef51  osi_start                          
20022f48  pPingCallBackFunc                  
20022744  packet                             
20015cd9  parseHex                           
20022215  payload                            
20018688  pcDigits                           
20009fc5  pcTaskGetTaskName                  
20014279  portCLZ                            
20014261  prvPortStartFirstTask              
20008bb9  put_fat                            
20016dd1  pvPortMalloc                       
20022ed0  pxCurrentTCB                       
20013105  pxPortInitialiseStack              
20013d09  qsort                              
20022db9  r_ptr                              
20022a3a  readBuf                            
20010a7d  readChar                           
20010acf  readInt                            
20010b19  readMQTTLenString                  
200162a7  readRegister                       
2000f795  realloc                            
20021998  res                                
2000dabf  resetMQTTPubFlag                   
20022d14  sAddr                              
20022d24  sLocalAddr                         
20013ddd  scalbn                             
20013ddd  scalbnl                            
20017401  sd_time_if_get                     
2001740d  sd_time_if_set                     
2000d669  sendPacket                         
200108a5  setAPDomainName                    
2001087d  setDeviceName                      
20006833  setLastConnectionError             
200068a9  setLastProfileGoodFlag             
2000d659  setMQTTPubFlag                     
20006819  setNetworkProfileRequestFlag       
20006841  setSLStatus                        
2001084f  setSSIDName                        
2000688f  setUSERConnectPressedFlag          
20016ce5  simplelink_timerA2_start           
20014281  sl_Bind                            
2001610d  sl_Close                           
200117bd  sl_Connect                         
20014af1  sl_DevSet                          
200143ed  sl_FsClose                         
20015835  sl_FsDel                           
20014699  sl_FsOpen                          
20012b89  sl_FsRead                          
20012dc1  sl_FsWrite                         
20010925  sl_GetProfileIndex                 
20016a71  sl_Htonl                           
20016d21  sl_Htons                           
200121cd  sl_NetAppDnsGetHostByName          
20011151  sl_NetAppPingStart                 
20014b89  sl_NetAppSet                       
20016391  sl_NetAppStart                     
200163e9  sl_NetAppStop                      
20013c31  sl_NetCfgGet                       
20014c21  sl_NetCfgSet                       
200108cd  sl_ProfilesExist                   
2001487d  sl_Recv                            
20012591  sl_RecvFrom                        
20006849  sl_SStart                          
200069bd  sl_SStop                           
20011c49  sl_Select                          
20012805  sl_Send                            
20012311  sl_SendTo                          
20014cb9  sl_SetSockOpt                      
200152f1  sl_Socket                          
200136e1  sl_Start                           
20013415  sl_Stop                            
20016e41  sl_WlanDisconnect                  
200145f1  sl_WlanGetNetworkList              
20015031  sl_WlanPolicySet                   
2001616d  sl_WlanProfileDel                  
20012ed9  sl_WlanProfileGet                  
20015731  sl_WlanRxFilterSet                 
20014d51  sl_WlanSet                         
200161cd  sl_WlanSetMode                     
20015b25  spi_Close                          
20011f31  spi_Open                           
20013a79  spi_Read                           
2001537d  spi_Write                          
200160cf  sprintf                            
200176df  strcat                             
200179dd  strchr                             
20017915  strcmp                             
20017a31  strcpy                             
20017a45  strlen                             
20017151  strncmp                            
20016f4d  strncpy                            
20016f81  strstr                             
2001004d  strtod                             
20015c15  strtok                             
2001004d  strtold                            
20012ff1  strtoul                            
20022d0c  ti                                 
200167ad  uDMAChannelAssign                  
20015fe5  uDMAChannelAttributeDisable        
20016049  uDMAChannelAttributeEnable         
20016d5d  uDMAChannelControlSet              
2001776d  uDMAChannelEnable                  
20013505  uDMAChannelTransferSet             
2000d2b5  ucQueueGetQueueType                
200141c9  ulPortSetInterruptMask             
20012a1b  uxListRemove                       
2000d295  uxQueueGetQueueNumber              
2000d229  uxQueueMessagesWaiting             
2000d25f  uxQueueMessagesWaitingFromISR      
2000d23f  uxQueueSpacesAvailable             
20009fb9  uxTaskGetNumberOfTasks             
20009fe9  uxTaskGetSystemState               
2000a4dd  uxTaskGetTaskNumber                
20009b35  uxTaskPriorityGet                  
2000aa35  uxTaskResetEventItemValue          
20017b6d  vApplicationIdleHook               
20017b6b  vApplicationMallocFailedHook       
20017b69  vApplicationStackOverflowHook      
20012939  vListInitialise                    
20012969  vListInitialiseItem                
200129b5  vListInsert                        
20012979  vListInsertEnd                     
200141df  vPortClearInterruptMask            
20013181  vPortEndScheduler                  
20013195  vPortEnterCritical                 
200131ad  vPortExitCritical                  
20016df1  vPortFree                          
20014239  vPortSVCHandler                    
200131e1  vPortSetupTimerInterrupt           
20013183  vPortYield                         
2000d4cf  vQueueAddToRegistry                
2000d271  vQueueDelete                       
2000d2a3  vQueueSetQueueNumber               
2000d511  vQueueUnregisterQueue              
20004557  vSyncTime_GPS                      
200045f1  vSyncTime_NTP                      
20009a4b  vTaskDelay                         
200099af  vTaskDelayUntil                    
2000991f  vTaskDelete                        
20009e9d  vTaskEndScheduler                  
2000a4cf  vTaskMissedYield                   
2000a265  vTaskPlaceOnEventList              
2000a2c9  vTaskPlaceOnUnorderedEventList     
2000a9ab  vTaskPriorityDisinherit            
2000a8f1  vTaskPriorityInherit               
20009b6d  vTaskPrioritySet                   
20009d65  vTaskResume                        
2000a4fd  vTaskSetTaskNumber                 
2000a42f  vTaskSetTimeOutState               
20009e53  vTaskStartScheduler                
20009c71  vTaskSuspend                       
20009eaf  vTaskSuspendAll                    
2000a1e5  vTaskSwitchContext                 
20015561  vsnprintf                          
2000d9b9  waitfor                            
20022940  writeBuf                           
20010b91  writeCString                       
20010ae1  writeChar                          
20010aed  writeInt                           
20010bb9  writeMQTTString                    
20016289  writeRegister                      
20022f68  xHigherPriorityTaskWoken           
200141ed  xPortPendSVHandler                 
20013155  xPortStartScheduler                
200131c5  xPortSysTickHandler                
2000d55f  xQueueAddToSet                     
2000ce91  xQueueAltGenericReceive            
2000cde5  xQueueAltGenericSend               
2000ccb9  xQueueCreateCountingSemaphore      
2000cc3b  xQueueCreateMutex                  
2000d54b  xQueueCreateSet                    
2000cbc5  xQueueGenericCreate                
2000d02b  xQueueGenericReceive               
2000cb35  xQueueGenericReset                 
2000ccd9  xQueueGenericSend                  
2000cf8f  xQueueGenericSendFromISR           
2000d46b  xQueueIsQueueEmptyFromISR          
2000d4ad  xQueueIsQueueFullFromISR           
2000d1e5  xQueuePeekFromISR                  
2000d16d  xQueueReceiveFromISR               
20023234  xQueueRegistry                     
2000d593  xQueueRemoveFromSet                
2000d5d5  xQueueSelectFromSet                
2000d5ef  xQueueSelectFromSetFromISR         
[...]
20010925  sl_GetProfileIndex                 
20010a29  bufchar                            
20010a47  MQTTPacket_encode                  
20010a7d  readChar                           
20010a89  MQTTPacket_decode                  
20010ac5  MQTTPacket_decodeBuf               
20010acf  readInt                            
20010ae1  writeChar                          
20010aed  writeInt                           
20010b19  readMQTTLenString                  
20010b4d  MQTTPacket_len                     
20010b6f  MQTTstrlen                         
20010b91  writeCString                       
20010bb9  writeMQTTString                    
20010c05  _SlDrvReleasePoolObj               
20010dd5  disk_status                        
20010e21  disk_write                         
20010ee5  disk_read                          
20010f6d  get_fattime                        
20010f99  __aeabi_dsub                       
20010fa3  __aeabi_dadd                       
2001114f  __mpu_init                         
20011151  sl_NetAppPingStart                 
2001149d  _SlDrvDriverCBInit                 
2001162d  _SlDrvWaitForPoolObj               
200117bd  sl_Connect                         
20011949  LOG                                
20011ad1  PRCMCC3200MCUInit                  
20011c49  sl_Select                          
20011f31  spi_Open                           
20012081  _SlDrvDataWriteOp                  
200121cd  sl_NetAppDnsGetHostByName          
20012311  sl_SendTo                          
20012591  sl_RecvFrom                        
200126cd  __aeabi_ddiv                       
20012803  _system_post_cinit                 
20012805  sl_Send                            
20012939  vListInitialise                    
20012969  vListInitialiseItem                
20012979  vListInsertEnd                     
200129b5  vListInsert                        
20012a1b  uxListRemove                       
20012a65  _SlDrvDriverCBDeinit               
20012b89  sl_FsRead                          
20012ca9  MQTTSerialize_ack                  
20012cfb  MQTTSerialize_publishLength        
20012d23  MQTTSerialize_publish              
20012dc1  sl_FsWrite                         
20012ed9  sl_WlanProfileGet                  
20012ff1  strtoul                            
20013105  pxPortInitialiseStack              
20013155  xPortStartScheduler                
20013181  vPortEndScheduler                  
20013183  vPortYield                         
20013195  vPortEnterCritical                 
200131ad  vPortExitCritical                  
200131c5  xPortSysTickHandler                
200131e1  vPortSetupTimerInterrupt           
20013215  _SlDrvNetAppEventHandler           
20013319  __aeabi_dmul                       
20013415  sl_Stop                            
20013505  uDMAChannelTransferSet             
200135f5  AIR_ConnectAIRUServer              
20013673  AIR_DownloadFile                   
200136e1  sl_Start                           
200138b5  _SlDrvMsgReadSpawnCtx              
20013a79  spi_Read                           
20013b55  Timer_IF_InterruptClear            
20013b69  Timer_IF_Init                      
20013bdb  Timer_IF_IntSetup                  
20013c0d  Timer_IF_Start                     
20013c31  sl_NetCfgGet                       
20013d09  qsort                              
20013ddd  ldexp                              
20013ddd  ldexpl                             
20013ddd  scalbn                             
20013ddd  scalbnl                            
20013ead  _sl_HandleAsync_DnsGetHostByService
20014105  _SlDrvCmdOp                        
200141c9  ulPortSetInterruptMask             
200141df  vPortClearInterruptMask            
200141ed  xPortPendSVHandler                 
20014239  vPortSVCHandler                    
20014261  prvPortStartFirstTask              
20014279  portCLZ                            
20014281  sl_Bind                            
20014339  SimpleLinkPingReport               
20014345  ConnectionTest                     
200143ed  sl_FsClose                         
200144a1  IntDisable                         
20014549  IntEnable                          
200145f1  sl_WlanGetNetworkList              
20014699  sl_FsOpen                          
2001473d  SPIConfigSetExpClk                 
200147dd  _SlDriverHandleError               
2001487d  sl_Recv                            
2001491d  __aeabi_memcpy                     
2001491d  __aeabi_memcpy4                    
2001491d  __aeabi_memcpy8                    
2001491d  memcpy                             
200149b9  Message                            
200149d1  Report                             
20014a55  _SlDrvDeviceEventHandler           
20014af1  sl_DevSet                          
20014b89  sl_NetAppSet                       
20014c21  sl_NetCfgSet                       
20014cb9  sl_SetSockOpt                      
20014d51  sl_WlanSet                         
20014de9  PRCMPeripheralClockGet             
20014e7d  _sl_GetCreateFsMode                
20014f11  _sl_HandleAsync_DnsGetHostByName   
20014fa1  _sl_HandleAsync_PingResponse       
20015031  sl_WlanPolicySet                   
200151d9  _SlDrvIsTimeoutExpired             
20015265  _sl_HandleAsync_InitComplete       
200152f1  sl_Socket                          
2001537d  spi_Write                          
20015409  PRCMHibernateIntervalSet           
20015491  PinConfigSet                       
20015561  vsnprintf                          
200155a1  __aeabi_cdcmpeq                    
200155a1  __aeabi_cdcmple                    
20015627  __aeabi_cdrcmple                   
200156ad  I2CMasterInitExpClk                
20015731  sl_WlanRxFilterSet                 
200157b5  _sl_HandleAsync_Connect            
20015835  sl_FsDel                           
200159b5  SDHostInit                         
20015a31  __aeabi_fmul                       
20015aab  __aeabi_memclr                     
20015aab  __aeabi_memclr4                    
20015aab  __aeabi_memclr8                    
20015aad  __aeabi_memset                     
20015aad  __aeabi_memset4                    
20015aad  __aeabi_memset8                    
20015ab3  memset                             
20015b25  spi_Close                          
20015b9d  UARTConfigSetExpClk                
20015c15  strtok                             
20015c89  itoa                               
20015cd9  parseHex                           
20015cf9  __TI_auto_init                     
20015d69  __aeabi_d2f                        
20015dd9  _SlDrvCmdSend                      
20015e45  _sl_NetAppSendTokenValue           
20015eb1  __TI_decompress_lzss               
20015f19  SDHostSetExpClk                    
20015f81  _sl_HandleAsync_Accept             
20015fe5  uDMAChannelAttributeDisable        
20016049  uDMAChannelAttributeEnable         
200160cf  sprintf                            
2001610d  sl_Close                           
2001616d  sl_WlanProfileDel                  
200161cd  sl_WlanSetMode                     
2001622d  frexp                              
2001622d  frexpl                             
20016289  writeRegister                      
200162a7  readRegister                       
200162e1  IntPendClear                       
20016339  PRCMPeripheralReset                
20016391  sl_NetAppStart                     
200163e9  sl_NetAppStop                      
20016441  IntPrioritySet                     
20016495  _sl_HandleAsync_Select             
200164e9  C$$EXIT                            
200164ed  abort                              
200164f5  exit                               
2001653d  ltoa                               
20016591  _SlDrvRxIrqHandler                 
200165e1  _sl_HandleAsync_Stop               
20016631  SPIIntEnable                       
2001667d  _SlDrvProtectAsyncRespSetting      
20016715  atoi                               
20016761  copy_in                            
200167ad  uDMAChannelAssign                  
200167f9  MQTTDeserialize_ack                
20016841  PRCMHibernateWakeupSourceEnable    
20016889  SPIIntClear                        
200168d1  _SlDrvBasicCmd                     
20016919  __aeabi_d2iz                       
200169a5  TimerConfigure                     
20016a71  sl_Htonl                           
20016ab5  PinModeSet                         
20016af5  _SlDrvSyncObjWaitTimeout           
20016b75  _c_int00                           
20016bb5  SDHostCmdSend                      
20016c31  MQTTSerialize_zero                 
20016c6d  PRCMPeripheralClkEnable            
20016ca9  PinDirModeSet                      
20016ce5  simplelink_timerA2_start           
20016d21  sl_Htons                           
20016d5d  uDMAChannelControlSet              
20016d99  NwpPowerOff                        
20016dd1  pvPortMalloc                       
20016df1  vPortFree                          
20016e09  __aeabi_f2d                        
20016e41  sl_WlanDisconnect                  
20016e79  GPIODirModeSet                     
20016eb1  PRCMPeripheralStatusGet            
20016ee5  SDHostRespGet                      
20016f19  SPIFIFOLevelSet                    
20016f4d  strncpy                            
20016f81  strstr                             
20016fb5  PinTypeGPIO                        
20016fe5  UARTDisable                        
20017045  __aeabi_i2d                        
20017075  DmaSpiSwIntHandler                 
200170a1  I2CMasterErr                       
200170cd  NwpPowerOn                         
200170f9  PRCMSysResetCauseGet               
20017125  SDHostIntStatus                    
20017151  strncmp                            
2001717d  TimerLoadSet                       
200171a7  TimerPrescaleSet                   
200171d1  PRCMPeripheralClkDisable           
200171f9  SDHostBlockSizeSet                 
20017249  _SlDrvProtectionObjLockWaitForever 
20017271  NwpRegisterInterruptHandler        
20017297  SDHostBlockCountSet                
200172bd  IntUnregister                      
200172e1  SDHostIntClear                     
20017305  UARTCharPutNonBlocking             
20017329  UARTEnable                         
2001734d  _SlDrvGlobalObjUnLock              
20017371  _SlDrvProtectionObjUnLock          
20017395  _SlDrvSyncObjWaitForever           
200173b9  memcmp                             
200173dd  __aeabi_ui2f                       
20017401  sd_time_if_get                     
2001740d  sd_time_if_set                     
20017425  I2CMasterSlaveAddrSet              
20017447  SDHostCmdReset                     
20017469  SL_FD_SET                          
2001748b  SPIReset                           
200174ad  SPIWordCountSet                    
200174cf  _SlDrvObjLockWaitForever           
200174f1  GPIOPinWrite                       
20017511  IntRegister                        
20017531  NwpPrePowerOffTimout0              
20017551  PRCMOCRRegisterWrite               
20017571  SDHostDataRead                     
20017591  TimerGetCurrentTimestamp           
200175b1  __aeabi_ui2d                       
200175d1  I2CMasterIntStatusEx               
200175ef  SDHostDataWrite                    
2001760d  TimerEnable                        
2001762b  TimerIntStatus                     
20017649  UARTCharPut                        
20017667  UARTIntRegister                    
20017685  _SlDrvObjUnLock                    
200176a3  _SlDrvSyncObjSignal                
200176df  strcat                             
200176fd  PinTypeI2C                         
20017719  TimerValueGet                      
20017735  UARTCharGetNonBlocking             
20017751  _SlDrvStartMeasureTimeout          
2001776d  uDMAChannelEnable                  
20017789  PinTypeSDHost                      
200177a3  PinTypeUART                        
200177bd  SPIDmaDisable                      
200177d7  SPIDmaEnable                       
200177f1  SPIFIFODisable                     
2001780b  SPIFIFOEnable                      
20017825  GPIOPinRead                        
2001783d  SPICSDisable                       
20017855  SPICSEnable                        
2001786d  SPIDisable                         
20017885  SPIEnable                          
2001789d  TimerIntEnable                     
200178b5  UARTIntEnable                      
200178cd  WatchdogUnlock                     
200178fd  _args_main                         
20017915  strcmp                             
2001792d  I2CMasterDataPut                   
20017943  I2CMasterEnable                    
20017959  PRCMHIBRegRead                     
2001796f  PRCMHIBRegWrite                    
20017985  UARTFIFODisable                    
2001799b  UARTFIFOEnable                     
200179b1  WatchdogEnable                     
200179c7  _SlDrvMemZero                      
200179dd  strchr                             
200179f3  CPUcpsie                           
20017a09  IntVTableBaseSet                   
20017a1d  PRCMHibernateEnter                 
20017a31  strcpy                             
20017a45  strlen                             
20017a59  I2CMasterControl                   
20017a6b  I2CMasterIntClearEx                
20017a7d  I2CMasterTimeoutSet                
20017a8f  TimerIntClear                      
20017aa1  UARTIntClear                       
20017ab3  WatchdogReloadSet                  
20017ac5  SL_FD_ZERO                         
20017ad5  WatchdogIntClear                   
20017ae5  _SlDrvDispatchHttpServerEvents     
20017af5  I2CMasterDataGet                   
20017b03  _SlDrvResetCmdExt                  
20017b11  __TI_decompress_none               
20017b1f  ResetISR                           
20017b2d  NwpMaskInterrupt                   
20017b39  NwpUnMaskInterrupt                 
20017b45  __TI_zero_init                     
20017b51  IntMasterEnable                    
20017b5b  copysign                           
20017b5b  copysignl                          
20017b63  UtilsDelay                         
20017b69  vApplicationStackOverflowHook      
20017b6b  vApplicationMallocFailedHook       
20017b6d  vApplicationIdleHook               
20017b6f  _system_pre_init                   
20017d98  g_acNumOfDaysPerMonth              
20017db1  g_acDaysOfWeek2017                 
20017de5  g_acSNTPserverList                 
20017ed8  _ctypes_                           
20018514  OpcodeTranslateTable               
20018550  _SlActionLookupTable               
20018688  pcDigits                           
20018700  _SlNetAppSendTokenValueCmdCtrl     
20018758  __TI_static_base__                 
200187d8  __TI_Handler_Table_Base            
200187e4  __TI_Handler_Table_Limit           
200187f0  __TI_CINIT_Base                    
20018800  __TI_CINIT_Limit                   
20019000  _sys_memory                        
2002100c  g_ulStaIp                          
20021010  g_ulGatewayIP                      
20021018  g_ucConnectionBSSID                
2002101e  lastProfileInfo                    
2002103d  g_ucConnectionSSID                 
2002105e  ScanResults                        
20021998  res                                
2002199c  header                             
200219a0  btw_header                         
200219a4  fp                                 
20021bc8  fp_log                             
20021dec  fs                                 
20022020  g_ucTimeSynced                     
20022028  last_data_post_time                
20022054  g_cUniqueID                        
20022064  n                                  
20022090  MQTT_INFLUX_TOPIC                  
20022158  dataPoint                          
200221b0  g_sFileDownload                    
20022215  payload                            
2002230f  dbg_payload                        
20022508  g_ucGPSReadyFlag                   
20022510  g_sGPS_data                        
20022550  g_ucGPSRingBuf                     
20022744  packet                             
20022938  MsgOutline                         
2002293c  g_uiSubscribedTopics               
20022940  writeBuf                           
20022a3a  readBuf                            
20022b34  g_ucOTABinFN                       
20022b38  firmware_binary                    
20022b78  AirHTTPClient                      
20022d00  g_ucSNTPServerListIndex            
20022d01  g_sSNTPDataInUse                   
20022d02  g_SundayIndex                      
20022d04  g_acSNTPserver                     
20022d0c  ti                                 
20022d14  sAddr                              
20022d24  sLocalAddr                         
20022d34  g_sSNTPDateTime                    
20022d44  g_sTimeInfo                        
20022d68  g_sGPSTimeInfo                     
20022d8c  g_SlDateTime                       
20022db8  g_ucPMRSTPin                       
20022db9  r_ptr                              
20022dc0  g_uiPMRSTPort                      
20022dc8  g_spmdata                          
20022ddc  g_rb                               
20022e9c  g_ucLED1Pin                        
20022e9d  g_ucLED2Pin                        
20022e9e  g_ucLED3Pin                        
20022e9f  g_ucJ9Pin                          
20022ea0  g_uiLED1Port                       
20022ea4  g_uiLED2Port                       
20022ea8  g_uiLED3Port                       
20022eac  g_uiJ9Port                         
20022ed0  pxCurrentTCB                       
20022f1c  g_ulErrorCodes                     
20022f20  g_ulTaskStatus                     
20022f24  g_ucRequestPingTest                
20022f25  g_ucConnectionReset                
20022f28  g_lResetCause                      
20022f2c  g_ucMode                           
20022f2d  bInitialConnectionFinished         
20022f40  g_SlDeviceStatus                   
20022f44  g_pCB                              
20022f48  pPingCallBackFunc                  
20022f50  __TI_cleanup_ptr                   
20022f54  __TI_dtors_ptr                     
20022f58  __TI_enable_exit_profile_output    
20022f68  xHigherPriorityTaskWoken           
20022f6c  xSimpleLinkSpawnQueue              
20022f70  xSimpleLinkSpawnTaskHndl           
20022f74  g_SpiFd                            
20022f78  g_pHostIntHdl                      
20022f7c  g_ucDMAEnabled                     
20022f80  g_uiPingPacketsRecv                
20022f84  g_uiPingDone                       
20022f88  _lock                              
20022f8c  _unlock                            
20022f94  g_ulStatus                         
20022f98  errno                              
20022f9c  main_func_sp                       
200231e4  g_ucDinDout                        
20023234  xQueueRegistry                     
20023314  g_sSDTimeInfo                      
20023320  DMAMsgQ                            
20023324  g_cDummy                           
20023328  RxIrqCnt                           
20023329  g_bDeviceRestartIsRequired         
2002e000  __stack                            
20030000  __STACK_END                        
ffffffff  __TI_pprof_out_hndl                
ffffffff  __TI_prof_data_size                
ffffffff  __TI_prof_data_start               
ffffffff  __binit__                          
ffffffff  __c_args__                         
ffffffff  binit                              
UNDEFED   SHT$$INIT_ARRAY$$Base              
UNDEFED   SHT$$INIT_ARRAY$$Limit             

[654 symbols]
